// Jest Snapshot v1, https://goo.gl/fbAQLP

exports[`Test Avatar Group snapshot component 1`] = `
<div
  className="flex justify-center -space-x-4 overflow-hidden"
>
  <img
    alt="Jack Sparo"
    className="inline-block h-14 w-14 rounded-full ring-2 ring-white"
    data-testid="avatar-image"
    src="https://images.unsplash.com/photo-1491528323818-fdd1faba62cc?ixlib=rb-1.2.1&ixid=eyJhcHBfaWQiOjEyMDd9&auto=format&fit=facearea&facepad=2&w=256&h=256&q=80"
  />
  <img
    alt="Gwen Stecy"
    className="inline-block h-14 w-14 rounded-full ring-2 ring-white"
    data-testid="avatar-image"
    src="https://images.unsplash.com/photo-1550525811-e5869dd03032?ixlib=rb-1.2.1&auto=format&fit=facearea&facepad=2&w=256&h=256&q=80"
  />
  <img
    alt="Zack Snyder"
    className="inline-block h-14 w-14 rounded-full ring-2 ring-white"
    data-testid="avatar-image"
    src="https://images.unsplash.com/photo-1500648767791-00dcc994a43e?ixlib=rb-1.2.1&ixid=eyJhcHBfaWQiOjEyMDd9&auto=format&fit=facearea&facepad=2.25&w=256&h=256&q=80"
  />
  <img
    alt="Tobey Maguire"
    className="inline-block h-14 w-14 rounded-full ring-2 ring-white"
    data-testid="avatar-image"
    src="https://images.unsplash.com/photo-1472099645785-5658abf4ff4e?ixlib=rb-1.2.1&ixid=eyJhcHBfaWQiOjEyMDd9&auto=format&fit=facearea&facepad=2&w=256&h=256&q=80"
  />
  <div
    className="relative inline-flex h-14 w-14 items-center justify-center overflow-hidden rounded-full bg-gray-200 ring-2 ring-white dark:bg-gray-200"
  >
    <span
      className="text-xl font-medium text-gray-600 dark:text-gray-600"
      data-testid="remaining-avatar"
    >
      +3
    </span>
  </div>
</div>
`;
